
> frontend@0.0.0 build
> vite build

[36mvite v7.3.1 [32mbuilding client environment for production...[36m[39m
transforming...
[32mÔ£ô[39m 35 modules transformed.
node.exe : [31mÔ£ù[39m Build failed in 573ms
En línea: 1 Carácter: 1
+ & "C:\Program Files\nodejs/node.exe" "C:\Program Files\nodejs/node_mo 
...
+ ~~~~~~~~~~~~~~~~~~~~~~~~~~~~~~~~~~~~~~~~~~~~~~~~~~~~~~~~~~~~~~~~~~~~~
    + CategoryInfo          : NotSpecified: ([31mÔ£ù[39m Build fail   
 ed in 573ms:String) [], RemoteException
    + FullyQualifiedErrorId : NativeCommandError
 
[31merror during build:
[31m[vite:esbuild] Transform failed with 1 error:
C:/Users/valen/OneDrive/Desktop/stockvision/frontend/src/components/Side
bar.jsx:8:4: ERROR: The symbol "ShoppingCart" has already been 
declared[31m
file: [36mC:/Users/valen/OneDrive/Desktop/stockvision/frontend/src/comp
onents/Sidebar.jsx:8:4[31m
[33m
[33mThe symbol "ShoppingCart" has already been declared[33m
6  |      TrendingUp,
7  |      ShoppingCart,
8  |      ShoppingCart,
   |      ^
9  |      Settings,
10 |      LogOut,
[31m
    at failureErrorWithLog (C:\Users\valen\OneDrive\Desktop\stockvision\
frontend\node_modules\esbuild\lib\main.js:1467:15)
    at C:\Users\valen\OneDrive\Desktop\stockvision\frontend\node_modules
\esbuild\lib\main.js:736:50
    at responseCallbacks.<computed> (C:\Users\valen\OneDrive\Desktop\sto
ckvision\frontend\node_modules\esbuild\lib\main.js:603:9)
    at handleIncomingPacket (C:\Users\valen\OneDrive\Desktop\stockvision
\frontend\node_modules\esbuild\lib\main.js:658:12)
    at Socket.readFromStdout (C:\Users\valen\OneDrive\Desktop\stockvisio
n\frontend\node_modules\esbuild\lib\main.js:581:7)
    at Socket.emit (node:events:508:28)
    at addChunk (node:internal/streams/readable:563:12)
    at readableAddChunkPushByteMode 
(node:internal/streams/readable:514:3)
    at Readable.push (node:internal/streams/readable:394:5)
    at Pipe.onStreamRead (node:internal/stream_base_commons:189:23)[39m
